Archive member included to satisfy reference by file (symbol)

c:/st/stm32cubeide_1.11.0/stm32cubeide/plugins/com.st.stm32cube.ide.mcu.externaltools.gnu-tools-for-stm32.10.3-2021.10.win32_1.0.200.202301161003/tools/bin/../lib/gcc/arm-none-eabi/10.3.1/../../../../arm-none-eabi/lib/thumb/v7e-m+dp/hard\libc_nano.a(lib_a-errno.o)
                              ./Core/Src/syscalls.o (__errno)
c:/st/stm32cubeide_1.11.0/stm32cubeide/plugins/com.st.stm32cube.ide.mcu.externaltools.gnu-tools-for-stm32.10.3-2021.10.win32_1.0.200.202301161003/tools/bin/../lib/gcc/arm-none-eabi/10.3.1/../../../../arm-none-eabi/lib/thumb/v7e-m+dp/hard\libc_nano.a(lib_a-exit.o)
                              c:/st/stm32cubeide_1.11.0/stm32cubeide/plugins/com.st.stm32cube.ide.mcu.externaltools.gnu-tools-for-stm32.10.3-2021.10.win32_1.0.200.202301161003/tools/bin/../lib/gcc/arm-none-eabi/10.3.1/../../../../arm-none-eabi/lib/thumb/v7e-m+dp/hard/crt0.o (exit)
c:/st/stm32cubeide_1.11.0/stm32cubeide/plugins/com.st.stm32cube.ide.mcu.externaltools.gnu-tools-for-stm32.10.3-2021.10.win32_1.0.200.202301161003/tools/bin/../lib/gcc/arm-none-eabi/10.3.1/../../../../arm-none-eabi/lib/thumb/v7e-m+dp/hard\libc_nano.a(lib_a-impure.o)
                              c:/st/stm32cubeide_1.11.0/stm32cubeide/plugins/com.st.stm32cube.ide.mcu.externaltools.gnu-tools-for-stm32.10.3-2021.10.win32_1.0.200.202301161003/tools/bin/../lib/gcc/arm-none-eabi/10.3.1/../../../../arm-none-eabi/lib/thumb/v7e-m+dp/hard\libc_nano.a(lib_a-exit.o) (_global_impure_ptr)
c:/st/stm32cubeide_1.11.0/stm32cubeide/plugins/com.st.stm32cube.ide.mcu.externaltools.gnu-tools-for-stm32.10.3-2021.10.win32_1.0.200.202301161003/tools/bin/../lib/gcc/arm-none-eabi/10.3.1/../../../../arm-none-eabi/lib/thumb/v7e-m+dp/hard\libc_nano.a(lib_a-init.o)
                              c:/st/stm32cubeide_1.11.0/stm32cubeide/plugins/com.st.stm32cube.ide.mcu.externaltools.gnu-tools-for-stm32.10.3-2021.10.win32_1.0.200.202301161003/tools/bin/../lib/gcc/arm-none-eabi/10.3.1/../../../../arm-none-eabi/lib/thumb/v7e-m+dp/hard/crt0.o (__libc_init_array)
c:/st/stm32cubeide_1.11.0/stm32cubeide/plugins/com.st.stm32cube.ide.mcu.externaltools.gnu-tools-for-stm32.10.3-2021.10.win32_1.0.200.202301161003/tools/bin/../lib/gcc/arm-none-eabi/10.3.1/../../../../arm-none-eabi/lib/thumb/v7e-m+dp/hard\libc_nano.a(lib_a-memset.o)
                              c:/st/stm32cubeide_1.11.0/stm32cubeide/plugins/com.st.stm32cube.ide.mcu.externaltools.gnu-tools-for-stm32.10.3-2021.10.win32_1.0.200.202301161003/tools/bin/../lib/gcc/arm-none-eabi/10.3.1/../../../../arm-none-eabi/lib/thumb/v7e-m+dp/hard/crt0.o (memset)
c:/st/stm32cubeide_1.11.0/stm32cubeide/plugins/com.st.stm32cube.ide.mcu.externaltools.gnu-tools-for-stm32.10.3-2021.10.win32_1.0.200.202301161003/tools/bin/../lib/gcc/arm-none-eabi/10.3.1/thumb/v7e-m+dp/hard\libgcc.a(_aeabi_uldivmod.o)
                              ./Drivers/STM32F7xx_HAL_Driver/Src/stm32f7xx_hal_rcc.o (__aeabi_uldivmod)
c:/st/stm32cubeide_1.11.0/stm32cubeide/plugins/com.st.stm32cube.ide.mcu.externaltools.gnu-tools-for-stm32.10.3-2021.10.win32_1.0.200.202301161003/tools/bin/../lib/gcc/arm-none-eabi/10.3.1/thumb/v7e-m+dp/hard\libgcc.a(_udivmoddi4.o)
                              c:/st/stm32cubeide_1.11.0/stm32cubeide/plugins/com.st.stm32cube.ide.mcu.externaltools.gnu-tools-for-stm32.10.3-2021.10.win32_1.0.200.202301161003/tools/bin/../lib/gcc/arm-none-eabi/10.3.1/thumb/v7e-m+dp/hard\libgcc.a(_aeabi_uldivmod.o) (__udivmoddi4)
c:/st/stm32cubeide_1.11.0/stm32cubeide/plugins/com.st.stm32cube.ide.mcu.externaltools.gnu-tools-for-stm32.10.3-2021.10.win32_1.0.200.202301161003/tools/bin/../lib/gcc/arm-none-eabi/10.3.1/thumb/v7e-m+dp/hard\libgcc.a(_dvmd_tls.o)
                              c:/st/stm32cubeide_1.11.0/stm32cubeide/plugins/com.st.stm32cube.ide.mcu.externaltools.gnu-tools-for-stm32.10.3-2021.10.win32_1.0.200.202301161003/tools/bin/../lib/gcc/arm-none-eabi/10.3.1/thumb/v7e-m+dp/hard\libgcc.a(_aeabi_uldivmod.o) (__aeabi_ldiv0)

Discarded input sections

 .text          0x0000000000000000        0x0 c:/st/stm32cubeide_1.11.0/stm32cubeide/plugins/com.st.stm32cube.ide.mcu.externaltools.gnu-tools-for-stm32.10.3-2021.10.win32_1.0.200.202301161003/tools/bin/../lib/gcc/arm-none-eabi/10.3.1/thumb/v7e-m+dp/hard/crti.o
 .data          0x0000000000000000        0x0 c:/st/stm32cubeide_1.11.0/stm32cubeide/plugins/com.st.stm32cube.ide.mcu.externaltools.gnu-tools-for-stm32.10.3-2021.10.win32_1.0.200.202301161003/tools/bin/../lib/gcc/arm-none-eabi/10.3.1/thumb/v7e-m+dp/hard/crti.o
 .bss           0x0000000000000000        0x0 c:/st/stm32cubeide_1.11.0/stm32cubeide/plugins/com.st.stm32cube.ide.mcu.externaltools.gnu-tools-for-stm32.10.3-2021.10.win32_1.0.200.202301161003/tools/bin/../lib/gcc/arm-none-eabi/10.3.1/thumb/v7e-m+dp/hard/crti.o
[...]
Memory Configuration

Name             Origin             Length             Attributes
RAM              0x0000000020000000 0x0000000000080000 xrw
FLASH            0x0000000008000000 0x0000000000200000 xr
*default*        0x0000000000000000 0xffffffffffffffff

Linker script and memory map

LOAD c:/st/stm32cubeide_1.11.0/stm32cubeide/plugins/com.st.stm32cube.ide.mcu.externaltools.gnu-tools-for-stm32.10.3-2021.10.win32_1.0.200.202301161003/tools/bin/../lib/gcc/arm-none-eabi/10.3.1/thumb/v7e-m+dp/hard/crti.o
LOAD c:/st/stm32cubeide_1.11.0/stm32cubeide/plugins/com.st.stm32cube.ide.mcu.externaltools.gnu-tools-for-stm32.10.3-2021.10.win32_1.0.200.202301161003/tools/bin/../lib/gcc/arm-none-eabi/10.3.1/thumb/v7e-m+dp/hard/crtbegin.o
LOAD c:/st/stm32cubeide_1.11.0/stm32cubeide/plugins/com.st.stm32cube.ide.mcu.externaltools.gnu-tools-for-stm32.10.3-2021.10.win32_1.0.200.202301161003/tools/bin/../lib/gcc/arm-none-eabi/10.3.1/../../../../arm-none-eabi/lib/thumb/v7e-m+dp/hard/crt0.o
LOAD ./Core/Src/ILI9341.o
LOAD ./Core/Src/main.o
LOAD ./Core/Src/stm32f7xx_hal_msp.o
LOAD ./Core/Src/stm32f7xx_it.o
LOAD ./Core/Src/syscalls.o
LOAD ./Core/Src/sysmem.o
LOAD ./Core/Src/system_stm32f7xx.o
LOAD ./Core/Startup/startup_stm32f767zitx.o
LOAD ./Drivers/STM32F7xx_HAL_Driver/Src/stm32f7xx_hal.o
LOAD ./Drivers/STM32F7xx_HAL_Driver/Src/stm32f7xx_hal_cortex.o
LOAD ./Drivers/STM32F7xx_HAL_Driver/Src/stm32f7xx_hal_dma.o
LOAD ./Drivers/STM32F7xx_HAL_Driver/Src/stm32f7xx_hal_dma_ex.o
LOAD ./Drivers/STM32F7xx_HAL_Driver/Src/stm32f7xx_hal_eth.o
LOAD ./Drivers/STM32F7xx_HAL_Driver/Src/stm32f7xx_hal_exti.o
LOAD ./Drivers/STM32F7xx_HAL_Driver/Src/stm32f7xx_hal_flash.o
LOAD ./Drivers/STM32F7xx_HAL_Driver/Src/stm32f7xx_hal_flash_ex.o
LOAD ./Drivers/STM32F7xx_HAL_Driver/Src/stm32f7xx_hal_gpio.o
LOAD ./Drivers/STM32F7xx_HAL_Driver/Src/stm32f7xx_hal_i2c.o
LOAD ./Drivers/STM32F7xx_HAL_Driver/Src/stm32f7xx_hal_i2c_ex.o
LOAD ./Drivers/STM32F7xx_HAL_Driver/Src/stm32f7xx_hal_pcd.o
LOAD ./Drivers/STM32F7xx_HAL_Driver/Src/stm32f7xx_hal_pcd_ex.o
LOAD ./Drivers/STM32F7xx_HAL_Driver/Src/stm32f7xx_hal_pwr.o
LOAD ./Drivers/STM32F7xx_HAL_Driver/Src/stm32f7xx_hal_pwr_ex.o
LOAD ./Drivers/STM32F7xx_HAL_Driver/Src/stm32f7xx_hal_rcc.o
LOAD ./Drivers/STM32F7xx_HAL_Driver/Src/stm32f7xx_hal_rcc_ex.o
LOAD ./Drivers/STM32F7xx_HAL_Driver/Src/stm32f7xx_hal_tim.o
LOAD ./Drivers/STM32F7xx_HAL_Driver/Src/stm32f7xx_hal_tim_ex.o
LOAD ./Drivers/STM32F7xx_HAL_Driver/Src/stm32f7xx_hal_uart.o
LOAD ./Drivers/STM32F7xx_HAL_Driver/Src/stm32f7xx_hal_uart_ex.o
LOAD ./Drivers/STM32F7xx_HAL_Driver/Src/stm32f7xx_ll_usb.o
START GROUP
LOAD c:/st/stm32cubeide_1.11.0/stm32cubeide/plugins/com.st.stm32cube.ide.mcu.externaltools.gnu-tools-for-stm32.10.3-2021.10.win32_1.0.200.202301161003/tools/bin/../lib/gcc/arm-none-eabi/10.3.1/../../../../arm-none-eabi/lib/thumb/v7e-m+dp/hard\libc_nano.a
LOAD c:/st/stm32cubeide_1.11.0/stm32cubeide/plugins/com.st.stm32cube.ide.mcu.externaltools.gnu-tools-for-stm32.10.3-2021.10.win32_1.0.200.202301161003/tools/bin/../lib/gcc/arm-none-eabi/10.3.1/../../../../arm-none-eabi/lib/thumb/v7e-m+dp/hard\libm.a
END GROUP
START GROUP
LOAD c:/st/stm32cubeide_1.11.0/stm32cubeide/plugins/com.st.stm32cube.ide.mcu.externaltools.gnu-tools-for-stm32.10.3-2021.10.win32_1.0.200.202301161003/tools/bin/../lib/gcc/arm-none-eabi/10.3.1/thumb/v7e-m+dp/hard\libgcc.a
LOAD c:/st/stm32cubeide_1.11.0/stm32cubeide/plugins/com.st.stm32cube.ide.mcu.externaltools.gnu-tools-for-stm32.10.3-2021.10.win32_1.0.200.202301161003/tools/bin/../lib/gcc/arm-none-eabi/10.3.1/../../../../arm-none-eabi/lib/thumb/v7e-m+dp/hard\libc_nano.a
END GROUP
START GROUP
LOAD c:/st/stm32cubeide_1.11.0/stm32cubeide/plugins/com.st.stm32cube.ide.mcu.externaltools.gnu-tools-for-stm32.10.3-2021.10.win32_1.0.200.202301161003/tools/bin/../lib/gcc/arm-none-eabi/10.3.1/thumb/v7e-m+dp/hard\libgcc.a
LOAD c:/st/stm32cubeide_1.11.0/stm32cubeide/plugins/com.st.stm32cube.ide.mcu.externaltools.gnu-tools-for-stm32.10.3-2021.10.win32_1.0.200.202301161003/tools/bin/../lib/gcc/arm-none-eabi/10.3.1/../../../../arm-none-eabi/lib/thumb/v7e-m+dp/hard\libc_nano.a
LOAD c:/st/stm32cubeide_1.11.0/stm32cubeide/plugins/com.st.stm32cube.ide.mcu.externaltools.gnu-tools-for-stm32.10.3-2021.10.win32_1.0.200.202301161003/tools/bin/../lib/gcc/arm-none-eabi/10.3.1/../../../../arm-none-eabi/lib/thumb/v7e-m+dp/hard\libnosys.a
END GROUP
START GROUP
LOAD c:/st/stm32cubeide_1.11.0/stm32cubeide/plugins/com.st.stm32cube.ide.mcu.externaltools.gnu-tools-for-stm32.10.3-2021.10.win32_1.0.200.202301161003/tools/bin/../lib/gcc/arm-none-eabi/10.3.1/thumb/v7e-m+dp/hard\libgcc.a
LOAD c:/st/stm32cubeide_1.11.0/stm32cubeide/plugins/com.st.stm32cube.ide.mcu.externaltools.gnu-tools-for-stm32.10.3-2021.10.win32_1.0.200.202301161003/tools/bin/../lib/gcc/arm-none-eabi/10.3.1/../../../../arm-none-eabi/lib/thumb/v7e-m+dp/hard\libc_nano.a
LOAD c:/st/stm32cubeide_1.11.0/stm32cubeide/plugins/com.st.stm32cube.ide.mcu.externaltools.gnu-tools-for-stm32.10.3-2021.10.win32_1.0.200.202301161003/tools/bin/../lib/gcc/arm-none-eabi/10.3.1/../../../../arm-none-eabi/lib/thumb/v7e-m+dp/hard\libnosys.a
END GROUP
LOAD c:/st/stm32cubeide_1.11.0/stm32cubeide/plugins/com.st.stm32cube.ide.mcu.externaltools.gnu-tools-for-stm32.10.3-2021.10.win32_1.0.200.202301161003/tools/bin/../lib/gcc/arm-none-eabi/10.3.1/thumb/v7e-m+dp/hard/crtend.o
LOAD c:/st/stm32cubeide_1.11.0/stm32cubeide/plugins/com.st.stm32cube.ide.mcu.externaltools.gnu-tools-for-stm32.10.3-2021.10.win32_1.0.200.202301161003/tools/bin/../lib/gcc/arm-none-eabi/10.3.1/thumb/v7e-m+dp/hard/crtn.o
                0x0000000020080000                _estack = (ORIGIN (RAM) + LENGTH (RAM))
                0x0000000000000200                _Min_Heap_Size = 0x200
                0x0000000000000400                _Min_Stack_Size = 0x400

.isr_vector     0x0000000008000000      0x1f8
                0x0000000008000000                . = ALIGN (0x4)
 *(.isr_vector)
 .isr_vector    0x0000000008000000      0x1f8 ./Core/Startup/startup_stm32f767zitx.o
                0x0000000008000000                g_pfnVectors
                0x00000000080001f8                . = ALIGN (0x4)

.text           0x00000000080001f8     0x421c
                0x00000000080001f8                . = ALIGN (0x4)
 *(.text)
 .text          0x00000000080001f8       0x40 c:/st/stm32cubeide_1.11.0/stm32cubeide/plugins/com.st.stm32cube.ide.mcu.externaltools.gnu-tools-for-stm32.10.3-2021.10.win32_1.0.200.202301161003/tools/bin/../lib/gcc/arm-none-eabi/10.3.1/thumb/v7e-m+dp/hard/crtbegin.o
 .text          0x0000000008000238       0x30 c:/st/stm32cubeide_1.11.0/stm32cubeide/plugins/com.st.stm32cube.ide.mcu.externaltools.gnu-tools-for-stm32.10.3-2021.10.win32_1.0.200.202301161003/tools/bin/../lib/gcc/arm-none-eabi/10.3.1/thumb/v7e-m+dp/hard\libgcc.a(_aeabi_uldivmod.o)
                0x0000000008000238                __aeabi_uldivmod
 .text          0x0000000008000268      0x2d0 c:/st/stm32cubeide_1.11.0/stm32cubeide/plugins/com.st.stm32cube.ide.mcu.externaltools.gnu-tools-for-stm32.10.3-2021.10.win32_1.0.200.202301161003/tools/bin/../lib/gcc/arm-none-eabi/10.3.1/thumb/v7e-m+dp/hard\libgcc.a(_udivmoddi4.o)
                0x0000000008000268                __udivmoddi4
 .text          0x0000000008000538        0x4 c:/st/stm32cubeide_1.11.0/stm32cubeide/plugins/com.st.stm32cube.ide.mcu.externaltools.gnu-tools-for-stm32.10.3-2021.10.win32_1.0.200.202301161003/tools/bin/../lib/gcc/arm-none-eabi/10.3.1/thumb/v7e-m+dp/hard\libgcc.a(_dvmd_tls.o)
                0x0000000008000538                __aeabi_idiv0
                0x0000000008000538                __aeabi_ldiv0
 *(.text*)
 .text.LCD_ILI9341_Init
                0x000000000800053c       0x1c ./Core/Src/ILI9341.o
                0x000000000800053c                LCD_ILI9341_Init
 .text.LCD_GPIO_Init
                0x0000000008000558      0x150 ./Core/Src/ILI9341.o
                0x0000000008000558                LCD_GPIO_Init
 .text.LCD_SPI_Init
                0x00000000080006a8       0x90 ./Core/Src/ILI9341.o
                0x00000000080006a8                LCD_SPI_Init
 .text.LCD_SPI_Enable
                0x0000000008000738       0x28 ./Core/Src/ILI9341.o
                0x0000000008000738                LCD_SPI_Enable
 .text.LCD_Reset
                0x0000000008000760       0x30 ./Core/Src/ILI9341.o
                0x0000000008000760                LCD_Reset
 .text.LCD_Write_Cmd
                0x0000000008000790       0x84 ./Core/Src/ILI9341.o
                0x0000000008000790                LCD_Write_Cmd
 .text.LCD_Write_Data
                0x0000000008000814       0x88 ./Core/Src/ILI9341.o
                0x0000000008000814                LCD_Write_Data
 .text.LCD_Config
                0x000000000800089c      0x27e ./Core/Src/ILI9341.o
                0x000000000800089c                LCD_Config
 .text.main     0x0000000008000b1a       0x22 ./Core/Src/main.o
                0x0000000008000b1a                main
 .text.SystemClock_Config
                0x0000000008000b3c       0xe4 ./Core/Src/main.o
                0x0000000008000b3c                SystemClock_Config
 .text.MX_ETH_Init
                0x0000000008000c20       0x9c ./Core/Src/main.o
 .text.MX_USART3_UART_Init
                0x0000000008000cbc       0x60 ./Core/Src/main.o
 .text.MX_USB_OTG_FS_PCD_Init
                0x0000000008000d1c       0x5c ./Core/Src/main.o
 .text.MX_GPIO_Init
                0x0000000008000d78      0x144 ./Core/Src/main.o
 .text.Error_Handler
                0x0000000008000ebc        0xa ./Core/Src/main.o
                0x0000000008000ebc                Error_Handler
 *fill*         0x0000000008000ec6        0x2 
 .text.HAL_MspInit
                0x0000000008000ec8       0x48 ./Core/Src/stm32f7xx_hal_msp.o
                0x0000000008000ec8                HAL_MspInit
 .text.HAL_ETH_MspInit
                0x0000000008000f10      0x170 ./Core/Src/stm32f7xx_hal_msp.o
                0x0000000008000f10                HAL_ETH_MspInit
 .text.HAL_UART_MspInit
                0x0000000008001080       0xc0 ./Core/Src/stm32f7xx_hal_msp.o
                0x0000000008001080                HAL_UART_MspInit
 .text.HAL_PCD_MspInit
                0x0000000008001140       0xf4 ./Core/Src/stm32f7xx_hal_msp.o
                0x0000000008001140                HAL_PCD_MspInit
 .text.NMI_Handler
                0x0000000008001234        0x6 ./Core/Src/stm32f7xx_it.o
                0x0000000008001234                NMI_Handler
 .text.HardFault_Handler
                0x000000000800123a        0x6 ./Core/Src/stm32f7xx_it.o
                0x000000000800123a                HardFault_Handler
 .text.MemManage_Handler
                0x0000000008001240        0x6 ./Core/Src/stm32f7xx_it.o
                0x0000000008001240                MemManage_Handler
 .text.BusFault_Handler
                0x0000000008001246        0x6 ./Core/Src/stm32f7xx_it.o
                0x0000000008001246                BusFault_Handler
 .text.UsageFault_Handler
                0x000000000800124c        0x6 ./Core/Src/stm32f7xx_it.o
                0x000000000800124c                UsageFault_Handler
 .text.SVC_Handler
                0x0000000008001252        0xe ./Core/Src/stm32f7xx_it.o
                0x0000000008001252                SVC_Handler
 .text.DebugMon_Handler
                0x0000000008001260        0xe ./Core/Src/stm32f7xx_it.o
                0x0000000008001260                DebugMon_Handler
 .text.PendSV_Handler
                0x000000000800126e        0xe ./Core/Src/stm32f7xx_it.o
                0x000000000800126e                PendSV_Handler
 .text.SysTick_Handler
                0x000000000800127c        0xc ./Core/Src/stm32f7xx_it.o
                0x000000000800127c                SysTick_Handler
 .text.SystemInit
                0x0000000008001288       0x24 ./Core/Src/system_stm32f7xx.o
                0x0000000008001288                SystemInit
 .text.Reset_Handler
                0x00000000080012ac       0x50 ./Core/Startup/startup_stm32f767zitx.o
                0x00000000080012ac                Reset_Handler
 .text.Default_Handler
                0x00000000080012fc        0x2 ./Core/Startup/startup_stm32f767zitx.o
                0x00000000080012fc                RTC_Alarm_IRQHandler
                0x00000000080012fc                EXTI2_IRQHandler
                0x00000000080012fc                TIM8_CC_IRQHandler
                0x00000000080012fc                UART8_IRQHandler
                0x00000000080012fc                SPI4_IRQHandler
                0x00000000080012fc                TIM1_CC_IRQHandler
                0x00000000080012fc                DMA2_Stream5_IRQHandler
                0x00000000080012fc                JPEG_IRQHandler
                0x00000000080012fc                DMA1_Stream5_IRQHandler
                0x00000000080012fc                CAN3_RX1_IRQHandler
                0x00000000080012fc                PVD_IRQHandler
                0x00000000080012fc                TAMP_STAMP_IRQHandler
                0x00000000080012fc                CAN2_RX1_IRQHandler
                0x00000000080012fc                EXTI3_IRQHandler
                0x00000000080012fc                TIM8_TRG_COM_TIM14_IRQHandler
                0x00000000080012fc                DFSDM1_FLT1_IRQHandler
                0x00000000080012fc                TIM1_UP_TIM10_IRQHandler
                0x00000000080012fc                TIM8_UP_TIM13_IRQHandler
                0x00000000080012fc                I2C3_ER_IRQHandler
                0x00000000080012fc                DFSDM1_FLT2_IRQHandler
                0x00000000080012fc                EXTI0_IRQHandler
                0x00000000080012fc                I2C2_EV_IRQHandler
                0x00000000080012fc                DMA1_Stream2_IRQHandler
                0x00000000080012fc                CAN1_RX0_IRQHandler
                0x00000000080012fc                FPU_IRQHandler
                0x00000000080012fc                OTG_HS_WKUP_IRQHandler
                0x00000000080012fc                CAN3_SCE_IRQHandler
                0x00000000080012fc                LTDC_ER_IRQHandler
                0x00000000080012fc                CAN2_SCE_IRQHandler
                0x00000000080012fc                DMA2_Stream2_IRQHandler
                0x00000000080012fc                SPI1_IRQHandler
                0x00000000080012fc                TIM6_DAC_IRQHandler
                0x00000000080012fc                TIM1_BRK_TIM9_IRQHandler
                0x00000000080012fc                DCMI_IRQHandler
                0x00000000080012fc                CAN2_RX0_IRQHandler
                0x00000000080012fc                DMA2_Stream3_IRQHandler
                0x00000000080012fc                SAI2_IRQHandler
                0x00000000080012fc                DFSDM1_FLT3_IRQHandler
                0x00000000080012fc                USART6_IRQHandler
                0x00000000080012fc                CAN3_RX0_IRQHandler
                0x00000000080012fc                USART3_IRQHandler
                0x00000000080012fc                CAN1_RX1_IRQHandler
                0x00000000080012fc                UART5_IRQHandler
                0x00000000080012fc                DMA2_Stream0_IRQHandler
                0x00000000080012fc                TIM4_IRQHandler
                0x00000000080012fc                QUADSPI_IRQHandler
                0x00000000080012fc                I2C1_EV_IRQHandler
                0x00000000080012fc                DMA1_Stream6_IRQHandler
                0x00000000080012fc                DMA1_Stream1_IRQHandler
                0x00000000080012fc                UART4_IRQHandler
                0x00000000080012fc                TIM3_IRQHandler
                0x00000000080012fc                RCC_IRQHandler
                0x00000000080012fc                TIM8_BRK_TIM12_IRQHandler
                0x00000000080012fc                Default_Handler
                0x00000000080012fc                CEC_IRQHandler
                0x00000000080012fc                EXTI15_10_IRQHandler
                0x00000000080012fc                ADC_IRQHandler
                0x00000000080012fc                DMA1_Stream7_IRQHandler
                0x00000000080012fc                SPI5_IRQHandler
                0x00000000080012fc                TIM7_IRQHandler
                0x00000000080012fc                SDMMC1_IRQHandler
                0x00000000080012fc                CAN2_TX_IRQHandler
                0x00000000080012fc                TIM5_IRQHandler
                0x00000000080012fc                DMA2_Stream7_IRQHandler
                0x00000000080012fc                I2C3_EV_IRQHandler
                0x00000000080012fc                EXTI9_5_IRQHandler
                0x00000000080012fc                RTC_WKUP_IRQHandler
                0x00000000080012fc                LTDC_IRQHandler
                0x00000000080012fc                ETH_WKUP_IRQHandler
                0x00000000080012fc                SPDIF_RX_IRQHandler
                0x00000000080012fc                SPI2_IRQHandler
                0x00000000080012fc                OTG_HS_EP1_IN_IRQHandler
                0x00000000080012fc                DMA1_Stream0_IRQHandler
                0x00000000080012fc                CAN1_TX_IRQHandler
                0x00000000080012fc                EXTI4_IRQHandler
                0x00000000080012fc                RNG_IRQHandler
                0x00000000080012fc                ETH_IRQHandler
                0x00000000080012fc                OTG_HS_EP1_OUT_IRQHandler
                0x00000000080012fc                WWDG_IRQHandler
                0x00000000080012fc                SPI6_IRQHandler
                0x00000000080012fc                MDIOS_IRQHandler
                0x00000000080012fc                I2C4_EV_IRQHandler
                0x00000000080012fc                CAN3_TX_IRQHandler
                0x00000000080012fc                TIM2_IRQHandler
                0x00000000080012fc                OTG_FS_WKUP_IRQHandler
                0x00000000080012fc                TIM1_TRG_COM_TIM11_IRQHandler
                0x00000000080012fc                OTG_HS_IRQHandler
                0x00000000080012fc                DMA2D_IRQHandler
                0x00000000080012fc                EXTI1_IRQHandler
                0x00000000080012fc                SDMMC2_IRQHandler
                0x00000000080012fc                UART7_IRQHandler
                0x00000000080012fc                USART2_IRQHandler
                0x00000000080012fc                DFSDM1_FLT0_IRQHandler
                0x00000000080012fc                I2C2_ER_IRQHandler
                0x00000000080012fc                DMA2_Stream1_IRQHandler
                0x00000000080012fc                CAN1_SCE_IRQHandler
                0x00000000080012fc                FLASH_IRQHandler
                0x00000000080012fc                DMA2_Stream4_IRQHandler
                0x00000000080012fc                USART1_IRQHandler
                0x00000000080012fc                OTG_FS_IRQHandler
                0x00000000080012fc                SPI3_IRQHandler
                0x00000000080012fc                DMA1_Stream4_IRQHandler
                0x00000000080012fc                I2C1_ER_IRQHandler
                0x00000000080012fc                FMC_IRQHandler
                0x00000000080012fc                LPTIM1_IRQHandler
                0x00000000080012fc                I2C4_ER_IRQHandler
                0x00000000080012fc                DMA2_Stream6_IRQHandler
                0x00000000080012fc                SAI1_IRQHandler
                0x00000000080012fc                DMA1_Stream3_IRQHandler
 .text.HAL_Init
                0x00000000080012fe       0x1a ./Drivers/STM32F7xx_HAL_Driver/Src/stm32f7xx_hal.o
                0x00000000080012fe                HAL_Init
 .text.HAL_InitTick
                0x0000000008001318       0x60 ./Drivers/STM32F7xx_HAL_Driver/Src/stm32f7xx_hal.o
                0x0000000008001318                HAL_InitTick
 .text.HAL_IncTick
                0x0000000008001378       0x28 ./Drivers/STM32F7xx_HAL_Driver/Src/stm32f7xx_hal.o
                0x0000000008001378                HAL_IncTick
 .text.HAL_GetTick
                0x00000000080013a0       0x18 ./Drivers/STM32F7xx_HAL_Driver/Src/stm32f7xx_hal.o
                0x00000000080013a0                HAL_GetTick
 .text.HAL_Delay
                0x00000000080013b8       0x48 ./Drivers/STM32F7xx_HAL_Driver/Src/stm32f7xx_hal.o
                0x00000000080013b8                HAL_Delay
 .text.__NVIC_SetPriorityGrouping
                0x0000000008001400       0x48 ./Drivers/STM32F7xx_HAL_Driver/Src/stm32f7xx_hal_cortex.o
 .text.__NVIC_GetPriorityGrouping
                0x0000000008001448       0x1c ./Drivers/STM32F7xx_HAL_Driver/Src/stm32f7xx_hal_cortex.o
 .text.__NVIC_SetPriority
                0x0000000008001464       0x54 ./Drivers/STM32F7xx_HAL_Driver/Src/stm32f7xx_hal_cortex.o
 .text.NVIC_EncodePriority
                0x00000000080014b8       0x66 ./Drivers/STM32F7xx_HAL_Driver/Src/stm32f7xx_hal_cortex.o
 *fill*         0x000000000800151e        0x2 
 .text.SysTick_Config
                0x0000000008001520       0x44 ./Drivers/STM32F7xx_HAL_Driver/Src/stm32f7xx_hal_cortex.o
 .text.HAL_NVIC_SetPriorityGrouping
                0x0000000008001564       0x16 ./Drivers/STM32F7xx_HAL_Driver/Src/stm32f7xx_hal_cortex.o
                0x0000000008001564                HAL_NVIC_SetPriorityGrouping
 .text.HAL_NVIC_SetPriority
                0x000000000800157a       0x38 ./Drivers/STM32F7xx_HAL_Driver/Src/stm32f7xx_hal_cortex.o
                0x000000000800157a                HAL_NVIC_SetPriority
 .text.HAL_SYSTICK_Config
                0x00000000080015b2       0x18 ./Drivers/STM32F7xx_HAL_Driver/Src/stm32f7xx_hal_cortex.o
                0x00000000080015b2                HAL_SYSTICK_Config
 *fill*         0x00000000080015ca        0x2 
 .text.HAL_ETH_Init
                0x00000000080015cc       0xf8 ./Drivers/STM32F7xx_HAL_Driver/Src/stm32f7xx_hal_eth.o
                0x00000000080015cc                HAL_ETH_Init
 .text.ETH_SetMACConfig
                0x00000000080016c4      0x160 ./Drivers/STM32F7xx_HAL_Driver/Src/stm32f7xx_hal_eth.o
 .text.ETH_SetDMAConfig
                0x0000000008001824      0x114 ./Drivers/STM32F7xx_HAL_Driver/Src/stm32f7xx_hal_eth.o
 .text.ETH_MACDMAConfig
                0x0000000008001938       0xe4 ./Drivers/STM32F7xx_HAL_Driver/Src/stm32f7xx_hal_eth.o
 .text.ETH_MACAddressConfig
                0x0000000008001a1c       0x70 ./Drivers/STM32F7xx_HAL_Driver/Src/stm32f7xx_hal_eth.o
 .text.ETH_DMATxDescListInit
                0x0000000008001a8c       0xb2 ./Drivers/STM32F7xx_HAL_Driver/Src/stm32f7xx_hal_eth.o
 .text.ETH_DMARxDescListInit
                0x0000000008001b3e       0xda ./Drivers/STM32F7xx_HAL_Driver/Src/stm32f7xx_hal_eth.o
 .text.HAL_GPIO_Init
                0x0000000008001c18      0x358 ./Drivers/STM32F7xx_HAL_Driver/Src/stm32f7xx_hal_gpio.o
                0x0000000008001c18                HAL_GPIO_Init
 .text.HAL_GPIO_WritePin
                0x0000000008001f70       0x32 ./Drivers/STM32F7xx_HAL_Driver/Src/stm32f7xx_hal_gpio.o
                0x0000000008001f70                HAL_GPIO_WritePin
 .text.HAL_PCD_Init
                0x0000000008001fa2      0x248 ./Drivers/STM32F7xx_HAL_Driver/Src/stm32f7xx_hal_pcd.o
                0x0000000008001fa2                HAL_PCD_Init
 *fill*         0x00000000080021ea        0x2 
 .text.HAL_PCDEx_ActivateLPM
                0x00000000080021ec       0x48 ./Drivers/STM32F7xx_HAL_Driver/Src/stm32f7xx_hal_pcd_ex.o
                0x00000000080021ec                HAL_PCDEx_ActivateLPM
 .text.HAL_PWR_EnableBkUpAccess
                0x0000000008002234       0x20 ./Drivers/STM32F7xx_HAL_Driver/Src/stm32f7xx_hal_pwr.o
                0x0000000008002234                HAL_PWR_EnableBkUpAccess
 .text.HAL_PWREx_EnableOverDrive
                0x0000000008002254       0xa0 ./Drivers/STM32F7xx_HAL_Driver/Src/stm32f7xx_hal_pwr_ex.o
                0x0000000008002254                HAL_PWREx_EnableOverDrive
 .text.HAL_RCC_OscConfig
                0x00000000080022f4      0x55c ./Drivers/STM32F7xx_HAL_Driver/Src/stm32f7xx_hal_rcc.o
                0x00000000080022f4                HAL_RCC_OscConfig
 .text.HAL_RCC_ClockConfig
                0x0000000008002850      0x1d8 ./Drivers/STM32F7xx_HAL_Driver/Src/stm32f7xx_hal_rcc.o
                0x0000000008002850                HAL_RCC_ClockConfig
 .text.HAL_RCC_GetSysClockFreq
                0x0000000008002a28      0x20c ./Drivers/STM32F7xx_HAL_Driver/Src/stm32f7xx_hal_rcc.o
                0x0000000008002a28                HAL_RCC_GetSysClockFreq
 .text.HAL_RCC_GetHCLKFreq
                0x0000000008002c34       0x18 ./Drivers/STM32F7xx_HAL_Driver/Src/stm32f7xx_hal_rcc.o
                0x0000000008002c34                HAL_RCC_GetHCLKFreq
 .text.HAL_RCC_GetPCLK1Freq
                0x0000000008002c4c       0x28 ./Drivers/STM32F7xx_HAL_Driver/Src/stm32f7xx_hal_rcc.o
                0x0000000008002c4c                HAL_RCC_GetPCLK1Freq
 .text.HAL_RCC_GetPCLK2Freq
                0x0000000008002c74       0x28 ./Drivers/STM32F7xx_HAL_Driver/Src/stm32f7xx_hal_rcc.o
                0x0000000008002c74                HAL_RCC_GetPCLK2Freq
 .text.HAL_RCCEx_PeriphCLKConfig
                0x0000000008002c9c      0x850 ./Drivers/STM32F7xx_HAL_Driver/Src/stm32f7xx_hal_rcc_ex.o
                0x0000000008002c9c                HAL_RCCEx_PeriphCLKConfig
 .text.HAL_UART_Init
                0x00000000080034ec       0x9c ./Drivers/STM32F7xx_HAL_Driver/Src/stm32f7xx_hal_uart.o
                0x00000000080034ec                HAL_UART_Init
 .text.UART_SetConfig
                0x0000000008003588      0x4c8 ./Drivers/STM32F7xx_HAL_Driver/Src/stm32f7xx_hal_uart.o
                0x0000000008003588                UART_SetConfig
 .text.UART_AdvFeatureConfig
                0x0000000008003a50      0x144 ./Drivers/STM32F7xx_HAL_Driver/Src/stm32f7xx_hal_uart.o
                0x0000000008003a50                UART_AdvFeatureConfig
 .text.UART_CheckIdleState
                0x0000000008003b94       0x9a ./Drivers/STM32F7xx_HAL_Driver/Src/stm32f7xx_hal_uart.o
                0x0000000008003b94                UART_CheckIdleState
 .text.UART_WaitOnFlagUntilTimeout
                0x0000000008003c2e      0x18c ./Drivers/STM32F7xx_HAL_Driver/Src/stm32f7xx_hal_uart.o
                0x0000000008003c2e                UART_WaitOnFlagUntilTimeout
 *fill*         0x0000000008003dba        0x2 
 .text.USB_CoreInit
                0x0000000008003dbc       0xb0 ./Drivers/STM32F7xx_HAL_Driver/Src/stm32f7xx_ll_usb.o
                0x0000000008003dbc                USB_CoreInit
 .text.USB_DisableGlobalInt
                0x0000000008003e6c       0x22 ./Drivers/STM32F7xx_HAL_Driver/Src/stm32f7xx_ll_usb.o
                0x0000000008003e6c                USB_DisableGlobalInt
 .text.USB_SetCurrentMode
                0x0000000008003e8e       0x98 ./Drivers/STM32F7xx_HAL_Driver/Src/stm32f7xx_ll_usb.o
                0x0000000008003e8e                USB_SetCurrentMode
 *fill*         0x0000000008003f26        0x2 
 .text.USB_DevInit
                0x0000000008003f28      0x2bc ./Drivers/STM32F7xx_HAL_Driver/Src/stm32f7xx_ll_usb.o
                0x0000000008003f28                USB_DevInit
 .text.USB_FlushTxFifo
                0x00000000080041e4       0x68 ./Drivers/STM32F7xx_HAL_Driver/Src/stm32f7xx_ll_usb.o
                0x00000000080041e4                USB_FlushTxFifo
 .text.USB_FlushRxFifo
                0x000000000800424c       0x60 ./Drivers/STM32F7xx_HAL_Driver/Src/stm32f7xx_ll_usb.o
                0x000000000800424c                USB_FlushRxFifo
 .text.USB_SetDevSpeed
                0x00000000080042ac       0x32 ./Drivers/STM32F7xx_HAL_Driver/Src/stm32f7xx_ll_usb.o
                0x00000000080042ac                USB_SetDevSpeed
 .text.USB_DevDisconnect
                0x00000000080042de       0x42 ./Drivers/STM32F7xx_HAL_Driver/Src/stm32f7xx_ll_usb.o
                0x00000000080042de                USB_DevDisconnect
 .text.USB_GetMode
                0x0000000008004320       0x1c ./Drivers/STM32F7xx_HAL_Driver/Src/stm32f7xx_ll_usb.o
                0x0000000008004320                USB_GetMode
 .text.USB_CoreReset
                0x000000000800433c       0x68 ./Drivers/STM32F7xx_HAL_Driver/Src/stm32f7xx_ll_usb.o
 .text.__libc_init_array
                0x00000000080043a4       0x48 c:/st/stm32cubeide_1.11.0/stm32cubeide/plugins/com.st.stm32cube.ide.mcu.externaltools.gnu-tools-for-stm32.10.3-2021.10.win32_1.0.200.202301161003/tools/bin/../lib/gcc/arm-none-eabi/10.3.1/../../../../arm-none-eabi/lib/thumb/v7e-m+dp/hard\libc_nano.a(lib_a-init.o)
                0x00000000080043a4                __libc_init_array
 .text.memset   0x00000000080043ec       0x10 c:/st/stm32cubeide_1.11.0/stm32cubeide/plugins/com.st.stm32cube.ide.mcu.externaltools.gnu-tools-for-stm32.10.3-2021.10.win32_1.0.200.202301161003/tools/bin/../lib/gcc/arm-none-eabi/10.3.1/../../../../arm-none-eabi/lib/thumb/v7e-m+dp/hard\libc_nano.a(lib_a-memset.o)
                0x00000000080043ec                memset
 *(.glue_7)
 .glue_7        0x00000000080043fc        0x0 linker stubs
 *(.glue_7t)
 .glue_7t       0x00000000080043fc        0x0 linker stubs
 *(.eh_frame)
 .eh_frame      0x00000000080043fc        0x0 c:/st/stm32cubeide_1.11.0/stm32cubeide/plugins/com.st.stm32cube.ide.mcu.externaltools.gnu-tools-for-stm32.10.3-2021.10.win32_1.0.200.202301161003/tools/bin/../lib/gcc/arm-none-eabi/10.3.1/thumb/v7e-m+dp/hard/crtbegin.o
 *(.init)
 .init          0x00000000080043fc        0x4 c:/st/stm32cubeide_1.11.0/stm32cubeide/plugins/com.st.stm32cube.ide.mcu.externaltools.gnu-tools-for-stm32.10.3-2021.10.win32_1.0.200.202301161003/tools/bin/../lib/gcc/arm-none-eabi/10.3.1/thumb/v7e-m+dp/hard/crti.o
                0x00000000080043fc                _init
 .init          0x0000000008004400        0x8 c:/st/stm32cubeide_1.11.0/stm32cubeide/plugins/com.st.stm32cube.ide.mcu.externaltools.gnu-tools-for-stm32.10.3-2021.10.win32_1.0.200.202301161003/tools/bin/../lib/gcc/arm-none-eabi/10.3.1/thumb/v7e-m+dp/hard/crtn.o
 *(.fini)
 .fini          0x0000000008004408        0x4 c:/st/stm32cubeide_1.11.0/stm32cubeide/plugins/com.st.stm32cube.ide.mcu.externaltools.gnu-tools-for-stm32.10.3-2021.10.win32_1.0.200.202301161003/tools/bin/../lib/gcc/arm-none-eabi/10.3.1/thumb/v7e-m+dp/hard/crti.o
                0x0000000008004408                _fini
 .fini          0x000000000800440c        0x8 c:/st/stm32cubeide_1.11.0/stm32cubeide/plugins/com.st.stm32cube.ide.mcu.externaltools.gnu-tools-for-stm32.10.3-2021.10.win32_1.0.200.202301161003/tools/bin/../lib/gcc/arm-none-eabi/10.3.1/thumb/v7e-m+dp/hard/crtn.o
                0x0000000008004414                . = ALIGN (0x4)
                0x0000000008004414                _etext = .

.vfp11_veneer   0x0000000008004414        0x0
 .vfp11_veneer  0x0000000008004414        0x0 linker stubs

.v4_bx          0x0000000008004414        0x0
 .v4_bx         0x0000000008004414        0x0 linker stubs

.iplt           0x0000000008004414        0x0
 .iplt          0x0000000008004414        0x0 c:/st/stm32cubeide_1.11.0/stm32cubeide/plugins/com.st.stm32cube.ide.mcu.externaltools.gnu-tools-for-stm32.10.3-2021.10.win32_1.0.200.202301161003/tools/bin/../lib/gcc/arm-none-eabi/10.3.1/thumb/v7e-m+dp/hard/crtbegin.o

.rodata         0x0000000008004414       0x18
                0x0000000008004414                . = ALIGN (0x4)
 *(.rodata)
 *(.rodata*)
 .rodata.AHBPrescTable
                0x0000000008004414       0x10 ./Core/Src/system_stm32f7xx.o
                0x0000000008004414                AHBPrescTable
 .rodata.APBPrescTable
                0x0000000008004424        0x8 ./Core/Src/system_stm32f7xx.o
                0x0000000008004424                APBPrescTable
                0x000000000800442c                . = ALIGN (0x4)

.ARM.extab      0x000000000800442c        0x0
                0x000000000800442c                . = ALIGN (0x4)
 *(.ARM.extab* .gnu.linkonce.armextab.*)
                0x000000000800442c                . = ALIGN (0x4)

.ARM            0x000000000800442c        0x8
                0x000000000800442c                . = ALIGN (0x4)
                0x000000000800442c                __exidx_start = .
 *(.ARM.exidx*)
 .ARM.exidx     0x000000000800442c        0x8 c:/st/stm32cubeide_1.11.0/stm32cubeide/plugins/com.st.stm32cube.ide.mcu.externaltools.gnu-tools-for-stm32.10.3-2021.10.win32_1.0.200.202301161003/tools/bin/../lib/gcc/arm-none-eabi/10.3.1/thumb/v7e-m+dp/hard\libgcc.a(_udivmoddi4.o)
                0x0000000008004434                __exidx_end = .
                0x0000000008004434                . = ALIGN (0x4)

.rel.dyn        0x0000000008004434        0x0
 .rel.iplt      0x0000000008004434        0x0 c:/st/stm32cubeide_1.11.0/stm32cubeide/plugins/com.st.stm32cube.ide.mcu.externaltools.gnu-tools-for-stm32.10.3-2021.10.win32_1.0.200.202301161003/tools/bin/../lib/gcc/arm-none-eabi/10.3.1/thumb/v7e-m+dp/hard/crtbegin.o

.preinit_array  0x0000000008004434        0x0
                0x0000000008004434                . = ALIGN (0x4)
                0x0000000008004434                PROVIDE (__preinit_array_start = .)
 *(.preinit_array*)
                0x0000000008004434                PROVIDE (__preinit_array_end = .)
                0x0000000008004434                . = ALIGN (0x4)

.init_array     0x0000000008004434        0x4
                0x0000000008004434                . = ALIGN (0x4)
                0x0000000008004434                PROVIDE (__init_array_start = .)
 *(SORT_BY_NAME(.init_array.*))
 *(.init_array*)
 .init_array    0x0000000008004434        0x4 c:/st/stm32cubeide_1.11.0/stm32cubeide/plugins/com.st.stm32cube.ide.mcu.externaltools.gnu-tools-for-stm32.10.3-2021.10.win32_1.0.200.202301161003/tools/bin/../lib/gcc/arm-none-eabi/10.3.1/thumb/v7e-m+dp/hard/crtbegin.o
                0x0000000008004438                PROVIDE (__init_array_end = .)
                0x0000000008004438                . = ALIGN (0x4)

.fini_array     0x0000000008004438        0x4
                0x0000000008004438                . = ALIGN (0x4)
                [!provide]                        PROVIDE (__fini_array_start = .)
 *(SORT_BY_NAME(.fini_array.*))
 *(.fini_array*)
 .fini_array    0x0000000008004438        0x4 c:/st/stm32cubeide_1.11.0/stm32cubeide/plugins/com.st.stm32cube.ide.mcu.externaltools.gnu-tools-for-stm32.10.3-2021.10.win32_1.0.200.202301161003/tools/bin/../lib/gcc/arm-none-eabi/10.3.1/thumb/v7e-m+dp/hard/crtbegin.o
                [!provide]                        PROVIDE (__fini_array_end = .)
                0x000000000800443c                . = ALIGN (0x4)
                0x000000000800443c                _sidata = LOADADDR (.data)

.data           0x0000000020000000        0xc load address 0x000000000800443c
                0x0000000020000000                . = ALIGN (0x4)
                0x0000000020000000                _sdata = .
 *(.data)
 *(.data*)
 .data.SystemCoreClock
                0x0000000020000000        0x4 ./Core/Src/system_stm32f7xx.o
                0x0000000020000000                SystemCoreClock
 .data.uwTickPrio
                0x0000000020000004        0x4 ./Drivers/STM32F7xx_HAL_Driver/Src/stm32f7xx_hal.o
                0x0000000020000004                uwTickPrio
 .data.uwTickFreq
                0x0000000020000008        0x1 ./Drivers/STM32F7xx_HAL_Driver/Src/stm32f7xx_hal.o
                0x0000000020000008                uwTickFreq
 *(.RamFunc)
 *(.RamFunc*)
                0x000000002000000c                . = ALIGN (0x4)
 *fill*         0x0000000020000009        0x3 
                0x000000002000000c                _edata = .

.igot.plt       0x000000002000000c        0x0 load address 0x0000000008004448
 .igot.plt      0x000000002000000c        0x0 c:/st/stm32cubeide_1.11.0/stm32cubeide/plugins/com.st.stm32cube.ide.mcu.externaltools.gnu-tools-for-stm32.10.3-2021.10.win32_1.0.200.202301161003/tools/bin/../lib/gcc/arm-none-eabi/10.3.1/thumb/v7e-m+dp/hard/crtbegin.o

.RxDecripSection
                0x000000002000000c       0xa0 load address 0x0000000008004448
 .RxDecripSection
                0x000000002000000c       0xa0 ./Core/Src/main.o
                0x000000002000000c                DMARxDscrTab

.TxDecripSection
                0x00000000200000ac       0xa0 load address 0x00000000080044e8
 .TxDecripSection
                0x00000000200000ac       0xa0 ./Core/Src/main.o
                0x00000000200000ac                DMATxDscrTab
                0x000000002000014c                . = ALIGN (0x4)

.bss            0x000000002000014c      0x6a0 load address 0x0000000008004588
                0x000000002000014c                _sbss = .
                0x000000002000014c                __bss_start__ = _sbss
 *(.bss)
 .bss           0x000000002000014c       0x1c c:/st/stm32cubeide_1.11.0/stm32cubeide/plugins/com.st.stm32cube.ide.mcu.externaltools.gnu-tools-for-stm32.10.3-2021.10.win32_1.0.200.202301161003/tools/bin/../lib/gcc/arm-none-eabi/10.3.1/thumb/v7e-m+dp/hard/crtbegin.o
 *(.bss*)
 .bss.TxConfig  0x0000000020000168       0x38 ./Core/Src/main.o
                0x0000000020000168                TxConfig
 .bss.heth      0x00000000200001a0       0xb0 ./Core/Src/main.o
                0x00000000200001a0                heth
 .bss.huart3    0x0000000020000250       0x88 ./Core/Src/main.o
                0x0000000020000250                huart3
 .bss.hpcd_USB_OTG_FS
                0x00000000200002d8      0x508 ./Core/Src/main.o
                0x00000000200002d8                hpcd_USB_OTG_FS
 .bss.MACAddr.0
                0x00000000200007e0        0x6 ./Core/Src/main.o
 *fill*         0x00000000200007e6        0x2 
 .bss.uwTick    0x00000000200007e8        0x4 ./Drivers/STM32F7xx_HAL_Driver/Src/stm32f7xx_hal.o
                0x00000000200007e8                uwTick
 *(COMMON)
                0x00000000200007ec                . = ALIGN (0x4)
                0x00000000200007ec                _ebss = .
                0x00000000200007ec                __bss_end__ = _ebss

._user_heap_stack
                0x00000000200007ec      0x604 load address 0x0000000008004588
                0x00000000200007f0                . = ALIGN (0x8)
 *fill*         0x00000000200007ec        0x4 
                [!provide]                        PROVIDE (end = .)
                0x00000000200007f0                PROVIDE (_end = .)
                0x00000000200009f0                . = (. + _Min_Heap_Size)
 *fill*         0x00000000200007f0      0x200 
                0x0000000020000df0                . = (. + _Min_Stack_Size)
 *fill*         0x00000000200009f0      0x400 
                0x0000000020000df0                . = ALIGN (0x8)

/DISCARD/
 libc.a(*)
 libm.a(*)
 libgcc.a(*)

.ARM.attributes
                0x0000000000000000       0x2e
 *(.ARM.attributes)
 .ARM.attributes
                0x0000000000000000       0x1e c:/st/stm32cubeide_1.11.0/stm32cubeide/plugins/com.st.stm32cube.ide.mcu.externaltools.gnu-tools-for-stm32.10.3-2021.10.win32_1.0.200.202301161003/tools/bin/../lib/gcc/arm-none-eabi/10.3.1/thumb/v7e-m+dp/hard/crti.o
 .ARM.attributes
                0x000000000000001e       0x32 c:/st/stm32cubeide_1.11.0/stm32cubeide/plugins/com.st.stm32cube.ide.mcu.externaltools.gnu-tools-for-stm32.10.3-2021.10.win32_1.0.200.202301161003/tools/bin/../lib/gcc/arm-none-eabi/10.3.1/thumb/v7e-m+dp/hard/crtbegin.o
 .ARM.attributes
                0x0000000000000050       0x32 ./Core/Src/ILI9341.o
 .ARM.attributes
                0x0000000000000082       0x32 ./Core/Src/main.o
 .ARM.attributes
                0x00000000000000b4       0x32 ./Core/Src/stm32f7xx_hal_msp.o
 .ARM.attributes
                0x00000000000000e6       0x32 ./Core/Src/stm32f7xx_it.o
 .ARM.attributes
                0x0000000000000118       0x32 ./Core/Src/system_stm32f7xx.o
 .ARM.attributes
                0x000000000000014a       0x21 ./Core/Startup/startup_stm32f767zitx.o
 .ARM.attributes
                0x000000000000016b       0x32 ./Drivers/STM32F7xx_HAL_Driver/Src/stm32f7xx_hal.o
 .ARM.attributes
                0x000000000000019d       0x32 ./Drivers/STM32F7xx_HAL_Driver/Src/stm32f7xx_hal_cortex.o
 .ARM.attributes
                0x00000000000001cf       0x32 ./Drivers/STM32F7xx_HAL_Driver/Src/stm32f7xx_hal_eth.o
 .ARM.attributes
                0x0000000000000201       0x32 ./Drivers/STM32F7xx_HAL_Driver/Src/stm32f7xx_hal_gpio.o
 .ARM.attributes
                0x0000000000000233       0x32 ./Drivers/STM32F7xx_HAL_Driver/Src/stm32f7xx_hal_pcd.o
 .ARM.attributes
                0x0000000000000265       0x32 ./Drivers/STM32F7xx_HAL_Driver/Src/stm32f7xx_hal_pcd_ex.o
 .ARM.attributes
                0x0000000000000297       0x32 ./Drivers/STM32F7xx_HAL_Driver/Src/stm32f7xx_hal_pwr.o
 .ARM.attributes
                0x00000000000002c9       0x32 ./Drivers/STM32F7xx_HAL_Driver/Src/stm32f7xx_hal_pwr_ex.o
 .ARM.attributes
                0x00000000000002fb       0x32 ./Drivers/STM32F7xx_HAL_Driver/Src/stm32f7xx_hal_rcc.o
 .ARM.attributes
                0x000000000000032d       0x32 ./Drivers/STM32F7xx_HAL_Driver/Src/stm32f7xx_hal_rcc_ex.o
 .ARM.attributes
                0x000000000000035f       0x32 ./Drivers/STM32F7xx_HAL_Driver/Src/stm32f7xx_hal_uart.o
 .ARM.attributes
                0x0000000000000391       0x32 ./Drivers/STM32F7xx_HAL_Driver/Src/stm32f7xx_ll_usb.o
 .ARM.attributes
                0x00000000000003c3       0x32 c:/st/stm32cubeide_1.11.0/stm32cubeide/plugins/com.st.stm32cube.ide.mcu.externaltools.gnu-tools-for-stm32.10.3-2021.10.win32_1.0.200.202301161003/tools/bin/../lib/gcc/arm-none-eabi/10.3.1/../../../../arm-none-eabi/lib/thumb/v7e-m+dp/hard\libc_nano.a(lib_a-init.o)
 .ARM.attributes
                0x00000000000003f5       0x32 c:/st/stm32cubeide_1.11.0/stm32cubeide/plugins/com.st.stm32cube.ide.mcu.externaltools.gnu-tools-for-stm32.10.3-2021.10.win32_1.0.200.202301161003/tools/bin/../lib/gcc/arm-none-eabi/10.3.1/../../../../arm-none-eabi/lib/thumb/v7e-m+dp/hard\libc_nano.a(lib_a-memset.o)
 .ARM.attributes
                0x0000000000000427       0x1e c:/st/stm32cubeide_1.11.0/stm32cubeide/plugins/com.st.stm32cube.ide.mcu.externaltools.gnu-tools-for-stm32.10.3-2021.10.win32_1.0.200.202301161003/tools/bin/../lib/gcc/arm-none-eabi/10.3.1/thumb/v7e-m+dp/hard\libgcc.a(_aeabi_uldivmod.o)
 .ARM.attributes
                0x0000000000000445       0x32 c:/st/stm32cubeide_1.11.0/stm32cubeide/plugins/com.st.stm32cube.ide.mcu.externaltools.gnu-tools-for-stm32.10.3-2021.10.win32_1.0.200.202301161003/tools/bin/../lib/gcc/arm-none-eabi/10.3.1/thumb/v7e-m+dp/hard\libgcc.a(_udivmoddi4.o)
 .ARM.attributes
                0x0000000000000477       0x1e c:/st/stm32cubeide_1.11.0/stm32cubeide/plugins/com.st.stm32cube.ide.mcu.externaltools.gnu-tools-for-stm32.10.3-2021.10.win32_1.0.200.202301161003/tools/bin/../lib/gcc/arm-none-eabi/10.3.1/thumb/v7e-m+dp/hard\libgcc.a(_dvmd_tls.o)
 .ARM.attributes
                0x0000000000000495       0x1e c:/st/stm32cubeide_1.11.0/stm32cubeide/plugins/com.st.stm32cube.ide.mcu.externaltools.gnu-tools-for-stm32.10.3-2021.10.win32_1.0.200.202301161003/tools/bin/../lib/gcc/arm-none-eabi/10.3.1/thumb/v7e-m+dp/hard/crtn.o
OUTPUT(LCD-ILI9341-F767ZI.elf elf32-littlearm)
LOAD linker stubs
LOAD c:/st/stm32cubeide_1.11.0/stm32cubeide/plugins/com.st.stm32cube.ide.mcu.externaltools.gnu-tools-for-stm32.10.3-2021.10.win32_1.0.200.202301161003/tools/bin/../lib/gcc/arm-none-eabi/10.3.1/../../../../arm-none-eabi/lib/thumb/v7e-m+dp/hard\libc.a
LOAD c:/st/stm32cubeide_1.11.0/stm32cubeide/plugins/com.st.stm32cube.ide.mcu.externaltools.gnu-tools-for-stm32.10.3-2021.10.win32_1.0.200.202301161003/tools/bin/../lib/gcc/arm-none-eabi/10.3.1/../../../../arm-none-eabi/lib/thumb/v7e-m+dp/hard\libm.a
LOAD c:/st/stm32cubeide_1.11.0/stm32cubeide/plugins/com.st.stm32cube.ide.mcu.externaltools.gnu-tools-for-stm32.10.3-2021.10.win32_1.0.200.202301161003/tools/bin/../lib/gcc/arm-none-eabi/10.3.1/thumb/v7e-m+dp/hard\libgcc.a

.debug_info     0x0000000000000000    0x1283b
 .debug_info    0x0000000000000000      0x591 ./Core/Src/ILI9341.o
 .debug_info    0x0000000000000591     0x1d7c ./Core/Src/main.o
 .debug_info    0x000000000000230d     0x1c77 ./Core/Src/stm32f7xx_hal_msp.o
 .debug_info    0x0000000000003f84      0x121 ./Core/Src/stm32f7xx_it.o
 .debug_info    0x00000000000040a5      0x72c ./Core/Src/system_stm32f7xx.o
 .debug_info    0x00000000000047d1       0x22 ./Core/Startup/startup_stm32f767zitx.o
 .debug_info    0x00000000000047f3      0xa82 ./Drivers/STM32F7xx_HAL_Driver/Src/stm32f7xx_hal.o
 .debug_info    0x0000000000005275     0x109c ./Drivers/STM32F7xx_HAL_Driver/Src/stm32f7xx_hal_cortex.o
 .debug_info    0x0000000000006311     0x2266 ./Drivers/STM32F7xx_HAL_Driver/Src/stm32f7xx_hal_eth.o
 .debug_info    0x0000000000008577      0x7a2 ./Drivers/STM32F7xx_HAL_Driver/Src/stm32f7xx_hal_gpio.o
 .debug_info    0x0000000000008d19     0x16c1 ./Drivers/STM32F7xx_HAL_Driver/Src/stm32f7xx_hal_pcd.o
 .debug_info    0x000000000000a3da      0x7df ./Drivers/STM32F7xx_HAL_Driver/Src/stm32f7xx_hal_pcd_ex.o
 .debug_info    0x000000000000abb9      0x978 ./Drivers/STM32F7xx_HAL_Driver/Src/stm32f7xx_hal_pwr.o
 .debug_info    0x000000000000b531      0x92e ./Drivers/STM32F7xx_HAL_Driver/Src/stm32f7xx_hal_pwr_ex.o
 .debug_info    0x000000000000be5f      0x9f8 ./Drivers/STM32F7xx_HAL_Driver/Src/stm32f7xx_hal_rcc.o
 .debug_info    0x000000000000c857      0x78b ./Drivers/STM32F7xx_HAL_Driver/Src/stm32f7xx_hal_rcc_ex.o
 .debug_info    0x000000000000cfe2     0x3cf4 ./Drivers/STM32F7xx_HAL_Driver/Src/stm32f7xx_hal_uart.o
 .debug_info    0x0000000000010cd6     0x1b65 ./Drivers/STM32F7xx_HAL_Driver/Src/stm32f7xx_ll_usb.o

.debug_abbrev   0x0000000000000000     0x2451
 .debug_abbrev  0x0000000000000000      0x171 ./Core/Src/ILI9341.o
 .debug_abbrev  0x0000000000000171      0x320 ./Core/Src/main.o
 .debug_abbrev  0x0000000000000491      0x268 ./Core/Src/stm32f7xx_hal_msp.o
 .debug_abbrev  0x00000000000006f9       0x74 ./Core/Src/stm32f7xx_it.o
 .debug_abbrev  0x000000000000076d      0x136 ./Core/Src/system_stm32f7xx.o
 .debug_abbrev  0x00000000000008a3       0x12 ./Core/Startup/startup_stm32f767zitx.o
 .debug_abbrev  0x00000000000008b5      0x20d ./Drivers/STM32F7xx_HAL_Driver/Src/stm32f7xx_hal.o
 .debug_abbrev  0x0000000000000ac2      0x316 ./Drivers/STM32F7xx_HAL_Driver/Src/stm32f7xx_hal_cortex.o
 .debug_abbrev  0x0000000000000dd8      0x2d3 ./Drivers/STM32F7xx_HAL_Driver/Src/stm32f7xx_hal_eth.o
 .debug_abbrev  0x00000000000010ab      0x1c4 ./Drivers/STM32F7xx_HAL_Driver/Src/stm32f7xx_hal_gpio.o
 .debug_abbrev  0x000000000000126f      0x2d2 ./Drivers/STM32F7xx_HAL_Driver/Src/stm32f7xx_hal_pcd.o
 .debug_abbrev  0x0000000000001541      0x1bd ./Drivers/STM32F7xx_HAL_Driver/Src/stm32f7xx_hal_pcd_ex.o
 .debug_abbrev  0x00000000000016fe      0x1b8 ./Drivers/STM32F7xx_HAL_Driver/Src/stm32f7xx_hal_pwr.o
 .debug_abbrev  0x00000000000018b6      0x1cb ./Drivers/STM32F7xx_HAL_Driver/Src/stm32f7xx_hal_pwr_ex.o
 .debug_abbrev  0x0000000000001a81      0x2d1 ./Drivers/STM32F7xx_HAL_Driver/Src/stm32f7xx_hal_rcc.o
 .debug_abbrev  0x0000000000001d52      0x1b9 ./Drivers/STM32F7xx_HAL_Driver/Src/stm32f7xx_hal_rcc_ex.o
 .debug_abbrev  0x0000000000001f0b      0x2ce ./Drivers/STM32F7xx_HAL_Driver/Src/stm32f7xx_hal_uart.o
 .debug_abbrev  0x00000000000021d9      0x278 ./Drivers/STM32F7xx_HAL_Driver/Src/stm32f7xx_ll_usb.o

.debug_aranges  0x0000000000000000      0xd68
 .debug_aranges
                0x0000000000000000       0x58 ./Core/Src/ILI9341.o
 .debug_aranges
                0x0000000000000058       0x50 ./Core/Src/main.o
 .debug_aranges
                0x00000000000000a8       0x50 ./Core/Src/stm32f7xx_hal_msp.o
 .debug_aranges
                0x00000000000000f8       0x60 ./Core/Src/stm32f7xx_it.o
 .debug_aranges
                0x0000000000000158       0x28 ./Core/Src/system_stm32f7xx.o
 .debug_aranges
                0x0000000000000180       0x28 ./Core/Startup/startup_stm32f767zitx.o
 .debug_aranges
                0x00000000000001a8      0x110 ./Drivers/STM32F7xx_HAL_Driver/Src/stm32f7xx_hal.o
 .debug_aranges
                0x00000000000002b8      0x118 ./Drivers/STM32F7xx_HAL_Driver/Src/stm32f7xx_hal_cortex.o
 .debug_aranges
                0x00000000000003d0      0x1e0 ./Drivers/STM32F7xx_HAL_Driver/Src/stm32f7xx_hal_eth.o
 .debug_aranges
                0x00000000000005b0       0x58 ./Drivers/STM32F7xx_HAL_Driver/Src/stm32f7xx_hal_gpio.o
 .debug_aranges
                0x0000000000000608      0x148 ./Drivers/STM32F7xx_HAL_Driver/Src/stm32f7xx_hal_pcd.o
 .debug_aranges
                0x0000000000000750       0x48 ./Drivers/STM32F7xx_HAL_Driver/Src/stm32f7xx_hal_pcd_ex.o
 .debug_aranges
                0x0000000000000798       0xa0 ./Drivers/STM32F7xx_HAL_Driver/Src/stm32f7xx_hal_pwr.o
 .debug_aranges
                0x0000000000000838       0x80 ./Drivers/STM32F7xx_HAL_Driver/Src/stm32f7xx_hal_pwr_ex.o
 .debug_aranges
                0x00000000000008b8       0x88 ./Drivers/STM32F7xx_HAL_Driver/Src/stm32f7xx_hal_rcc.o
 .debug_aranges
                0x0000000000000940       0x50 ./Drivers/STM32F7xx_HAL_Driver/Src/stm32f7xx_hal_rcc_ex.o
 .debug_aranges
                0x0000000000000990      0x230 ./Drivers/STM32F7xx_HAL_Driver/Src/stm32f7xx_hal_uart.o
 .debug_aranges
                0x0000000000000bc0      0x1a8 ./Drivers/STM32F7xx_HAL_Driver/Src/stm32f7xx_ll_usb.o

.debug_ranges   0x0000000000000000      0xc80
 .debug_ranges  0x0000000000000000       0x48 ./Core/Src/ILI9341.o
 .debug_ranges  0x0000000000000048       0x40 ./Core/Src/main.o
 .debug_ranges  0x0000000000000088       0x40 ./Core/Src/stm32f7xx_hal_msp.o
 .debug_ranges  0x00000000000000c8       0x50 ./Core/Src/stm32f7xx_it.o
 .debug_ranges  0x0000000000000118       0x18 ./Core/Src/system_stm32f7xx.o
 .debug_ranges  0x0000000000000130       0x20 ./Core/Startup/startup_stm32f767zitx.o
 .debug_ranges  0x0000000000000150      0x100 ./Drivers/STM32F7xx_HAL_Driver/Src/stm32f7xx_hal.o
 .debug_ranges  0x0000000000000250      0x108 ./Drivers/STM32F7xx_HAL_Driver/Src/stm32f7xx_hal_cortex.o
 .debug_ranges  0x0000000000000358      0x1d0 ./Drivers/STM32F7xx_HAL_Driver/Src/stm32f7xx_hal_eth.o
 .debug_ranges  0x0000000000000528       0x48 ./Drivers/STM32F7xx_HAL_Driver/Src/stm32f7xx_hal_gpio.o
 .debug_ranges  0x0000000000000570      0x138 ./Drivers/STM32F7xx_HAL_Driver/Src/stm32f7xx_hal_pcd.o
 .debug_ranges  0x00000000000006a8       0x38 ./Drivers/STM32F7xx_HAL_Driver/Src/stm32f7xx_hal_pcd_ex.o
 .debug_ranges  0x00000000000006e0       0x90 ./Drivers/STM32F7xx_HAL_Driver/Src/stm32f7xx_hal_pwr.o
 .debug_ranges  0x0000000000000770       0x70 ./Drivers/STM32F7xx_HAL_Driver/Src/stm32f7xx_hal_pwr_ex.o
 .debug_ranges  0x00000000000007e0       0x78 ./Drivers/STM32F7xx_HAL_Driver/Src/stm32f7xx_hal_rcc.o
 .debug_ranges  0x0000000000000858       0x40 ./Drivers/STM32F7xx_HAL_Driver/Src/stm32f7xx_hal_rcc_ex.o
 .debug_ranges  0x0000000000000898      0x250 ./Drivers/STM32F7xx_HAL_Driver/Src/stm32f7xx_hal_uart.o
 .debug_ranges  0x0000000000000ae8      0x198 ./Drivers/STM32F7xx_HAL_Driver/Src/stm32f7xx_ll_usb.o

.debug_macro    0x0000000000000000    0x28949
 .debug_macro   0x0000000000000000      0x210 ./Core/Src/ILI9341.o
 .debug_macro   0x0000000000000210      0xa90 ./Core/Src/ILI9341.o
 .debug_macro   0x0000000000000ca0       0x3b ./Core/Src/ILI9341.o
 .debug_macro   0x0000000000000cdb       0x22 ./Core/Src/ILI9341.o
 .debug_macro   0x0000000000000cfd       0x8e ./Core/Src/ILI9341.o
 .debug_macro   0x0000000000000d8b       0x51 ./Core/Src/ILI9341.o
 .debug_macro   0x0000000000000ddc      0x103 ./Core/Src/ILI9341.o
 .debug_macro   0x0000000000000edf       0x6a ./Core/Src/ILI9341.o
 .debug_macro   0x0000000000000f49      0x1df ./Core/Src/ILI9341.o
 .debug_macro   0x0000000000001128       0x1c ./Core/Src/ILI9341.o
 .debug_macro   0x0000000000001144       0x22 ./Core/Src/ILI9341.o
 .debug_macro   0x0000000000001166       0xd9 ./Core/Src/ILI9341.o
 .debug_macro   0x000000000000123f     0x12cd ./Core/Src/ILI9341.o
 .debug_macro   0x000000000000250c      0x11f ./Core/Src/ILI9341.o
 .debug_macro   0x000000000000262b       0x19 ./Core/Src/ILI9341.o
 .debug_macro   0x0000000000002644    0x1aa0d ./Core/Src/ILI9341.o
 .debug_macro   0x000000000001d051      0x2a1 ./Core/Src/ILI9341.o
 .debug_macro   0x000000000001d2f2       0x2e ./Core/Src/ILI9341.o
 .debug_macro   0x000000000001d320       0x6d ./Core/Src/ILI9341.o
 .debug_macro   0x000000000001d38d      0x299 ./Core/Src/ILI9341.o
 .debug_macro   0x000000000001d626     0x3749 ./Core/Src/ILI9341.o
 .debug_macro   0x0000000000020d6f      0x174 ./Core/Src/ILI9341.o
 .debug_macro   0x0000000000020ee3       0x63 ./Core/Src/ILI9341.o
 .debug_macro   0x0000000000020f46     0x1add ./Core/Src/ILI9341.o
 .debug_macro   0x0000000000022a23      0x6c4 ./Core/Src/ILI9341.o
 .debug_macro   0x00000000000230e7      0x18b ./Core/Src/ILI9341.o
 .debug_macro   0x0000000000023272      0x115 ./Core/Src/ILI9341.o
 .debug_macro   0x0000000000023387      0x26e ./Core/Src/ILI9341.o
 .debug_macro   0x00000000000235f5       0xa5 ./Core/Src/ILI9341.o
 .debug_macro   0x000000000002369a      0x24f ./Core/Src/ILI9341.o
 .debug_macro   0x00000000000238e9       0x71 ./Core/Src/ILI9341.o
 .debug_macro   0x000000000002395a       0x58 ./Core/Src/ILI9341.o
 .debug_macro   0x00000000000239b2      0x236 ./Core/Src/ILI9341.o
 .debug_macro   0x0000000000023be8      0xd44 ./Core/Src/ILI9341.o
 .debug_macro   0x000000000002492c      0x14e ./Core/Src/ILI9341.o
 .debug_macro   0x0000000000024a7a      0x3db ./Core/Src/ILI9341.o
 .debug_macro   0x0000000000024e55       0x12 ./Core/Src/ILI9341.o
 .debug_macro   0x0000000000024e67      0x22c ./Core/Src/ILI9341.o
 .debug_macro   0x0000000000025093       0x61 ./Core/Src/ILI9341.o
 .debug_macro   0x00000000000250f4       0xa5 ./Core/Src/ILI9341.o
 .debug_macro   0x0000000000025199      0x12e ./Core/Src/ILI9341.o
 .debug_macro   0x00000000000252c7      0x108 ./Core/Src/ILI9341.o
 .debug_macro   0x00000000000253cf       0x35 ./Core/Src/ILI9341.o
 .debug_macro   0x0000000000025404      0x5ba ./Core/Src/ILI9341.o
 .debug_macro   0x00000000000259be       0x44 ./Core/Src/ILI9341.o
 .debug_macro   0x0000000000025a02      0x256 ./Core/Src/ILI9341.o
 .debug_macro   0x0000000000025c58       0xba ./Core/Src/ILI9341.o
 .debug_macro   0x0000000000025d12      0x15b ./Core/Src/ILI9341.o
 .debug_macro   0x0000000000025e6d      0x2ed ./Core/Src/main.o
 .debug_macro   0x000000000002615a      0x13c ./Core/Src/main.o
 .debug_macro   0x0000000000026296       0x52 ./Core/Src/main.o
 .debug_macro   0x00000000000262e8       0x1d ./Core/Src/main.o
 .debug_macro   0x0000000000026305       0x3c ./Core/Src/main.o
 .debug_macro   0x0000000000026341       0x34 ./Core/Src/main.o
 .debug_macro   0x0000000000026375       0x16 ./Core/Src/main.o
 .debug_macro   0x000000000002638b       0x43 ./Core/Src/main.o
 .debug_macro   0x00000000000263ce       0x34 ./Core/Src/main.o
 .debug_macro   0x0000000000026402       0x10 ./Core/Src/main.o
 .debug_macro   0x0000000000026412       0x58 ./Core/Src/main.o
 .debug_macro   0x000000000002646a       0x71 ./Core/Src/main.o
 .debug_macro   0x00000000000264db       0x1c ./Core/Src/main.o
 .debug_macro   0x00000000000264f7      0x12a ./Core/Src/main.o
 .debug_macro   0x0000000000026621      0x341 ./Core/Src/main.o
 .debug_macro   0x0000000000026962       0x10 ./Core/Src/main.o
 .debug_macro   0x0000000000026972       0x35 ./Core/Src/main.o
 .debug_macro   0x00000000000269a7       0x20 ./Core/Src/main.o
 .debug_macro   0x00000000000269c7      0x20c ./Core/Src/stm32f7xx_hal_msp.o
 .debug_macro   0x0000000000026bd3      0x216 ./Core/Src/stm32f7xx_it.o
 .debug_macro   0x0000000000026de9      0x1fd ./Core/Src/system_stm32f7xx.o
 .debug_macro   0x0000000000026fe6      0x221 ./Drivers/STM32F7xx_HAL_Driver/Src/stm32f7xx_hal.o
 .debug_macro   0x0000000000027207      0x1fd ./Drivers/STM32F7xx_HAL_Driver/Src/stm32f7xx_hal_cortex.o
 .debug_macro   0x0000000000027404      0x2d7 ./Drivers/STM32F7xx_HAL_Driver/Src/stm32f7xx_hal_eth.o
 .debug_macro   0x00000000000276db      0x203 ./Drivers/STM32F7xx_HAL_Driver/Src/stm32f7xx_hal_gpio.o
 .debug_macro   0x00000000000278de      0x209 ./Drivers/STM32F7xx_HAL_Driver/Src/stm32f7xx_hal_pcd.o
 .debug_macro   0x0000000000027ae7      0x1fd ./Drivers/STM32F7xx_HAL_Driver/Src/stm32f7xx_hal_pcd_ex.o
 .debug_macro   0x0000000000027ce4      0x21b ./Drivers/STM32F7xx_HAL_Driver/Src/stm32f7xx_hal_pwr.o
 .debug_macro   0x0000000000027eff      0x215 ./Drivers/STM32F7xx_HAL_Driver/Src/stm32f7xx_hal_pwr_ex.o
 .debug_macro   0x0000000000028114      0x221 ./Drivers/STM32F7xx_HAL_Driver/Src/stm32f7xx_hal_rcc.o
 .debug_macro   0x0000000000028335      0x1fd ./Drivers/STM32F7xx_HAL_Driver/Src/stm32f7xx_hal_rcc_ex.o
 .debug_macro   0x0000000000028532      0x21a ./Drivers/STM32F7xx_HAL_Driver/Src/stm32f7xx_hal_uart.o
 .debug_macro   0x000000000002874c      0x1fd ./Drivers/STM32F7xx_HAL_Driver/Src/stm32f7xx_ll_usb.o

.debug_line     0x0000000000000000    0x100b2
 .debug_line    0x0000000000000000      0x97c ./Core/Src/ILI9341.o
 .debug_line    0x000000000000097c      0xa12 ./Core/Src/main.o
 .debug_line    0x000000000000138e      0x871 ./Core/Src/stm32f7xx_hal_msp.o
 .debug_line    0x0000000000001bff      0x7de ./Core/Src/stm32f7xx_it.o
 .debug_line    0x00000000000023dd      0x79b ./Core/Src/system_stm32f7xx.o
 .debug_line    0x0000000000002b78       0x88 ./Core/Startup/startup_stm32f767zitx.o
 .debug_line    0x0000000000002c00      0xa5c ./Drivers/STM32F7xx_HAL_Driver/Src/stm32f7xx_hal.o
 .debug_line    0x000000000000365c      0xcb2 ./Drivers/STM32F7xx_HAL_Driver/Src/stm32f7xx_hal_cortex.o
 .debug_line    0x000000000000430e     0x1974 ./Drivers/STM32F7xx_HAL_Driver/Src/stm32f7xx_hal_eth.o
 .debug_line    0x0000000000005c82      0xba0 ./Drivers/STM32F7xx_HAL_Driver/Src/stm32f7xx_hal_gpio.o
 .debug_line    0x0000000000006822     0x1477 ./Drivers/STM32F7xx_HAL_Driver/Src/stm32f7xx_hal_pcd.o
 .debug_line    0x0000000000007c99      0x82d ./Drivers/STM32F7xx_HAL_Driver/Src/stm32f7xx_hal_pcd_ex.o
 .debug_line    0x00000000000084c6      0x930 ./Drivers/STM32F7xx_HAL_Driver/Src/stm32f7xx_hal_pwr.o
 .debug_line    0x0000000000008df6      0x9a1 ./Drivers/STM32F7xx_HAL_Driver/Src/stm32f7xx_hal_pwr_ex.o
 .debug_line    0x0000000000009797      0xe9e ./Drivers/STM32F7xx_HAL_Driver/Src/stm32f7xx_hal_rcc.o
 .debug_line    0x000000000000a635      0xe7a ./Drivers/STM32F7xx_HAL_Driver/Src/stm32f7xx_hal_rcc_ex.o
 .debug_line    0x000000000000b4af     0x311f ./Drivers/STM32F7xx_HAL_Driver/Src/stm32f7xx_hal_uart.o
 .debug_line    0x000000000000e5ce     0x1ae4 ./Drivers/STM32F7xx_HAL_Driver/Src/stm32f7xx_ll_usb.o

.debug_str      0x0000000000000000    0xf9ee3
 .debug_str     0x0000000000000000    0xf16e4 ./Core/Src/ILI9341.o
                                      0xf1dba (size before relaxing)
 .debug_str     0x00000000000f16e4     0x4372 ./Core/Src/main.o
                                      0xf6171 (size before relaxing)
 .debug_str     0x00000000000f5a56      0x33d ./Core/Src/stm32f7xx_hal_msp.o
                                      0xf27c0 (size before relaxing)
 .debug_str     0x00000000000f5d93       0xc9 ./Core/Src/stm32f7xx_it.o
                                      0xf15cf (size before relaxing)
 .debug_str     0x00000000000f5e5c      0x190 ./Core/Src/system_stm32f7xx.o
                                      0xf12f7 (size before relaxing)
 .debug_str     0x00000000000f5fec       0x36 ./Core/Startup/startup_stm32f767zitx.o
                                         0x76 (size before relaxing)
 .debug_str     0x00000000000f6022      0xa90 ./Drivers/STM32F7xx_HAL_Driver/Src/stm32f7xx_hal.o
                                      0xf1d37 (size before relaxing)
 .debug_str     0x00000000000f6ab2      0x33e ./Drivers/STM32F7xx_HAL_Driver/Src/stm32f7xx_hal_cortex.o
                                      0xf1ce7 (size before relaxing)
 .debug_str     0x00000000000f6df0     0x11c7 ./Drivers/STM32F7xx_HAL_Driver/Src/stm32f7xx_hal_eth.o
                                      0xf2ac4 (size before relaxing)
 .debug_str     0x00000000000f7fb7       0xe8 ./Drivers/STM32F7xx_HAL_Driver/Src/stm32f7xx_hal_gpio.o
                                      0xf13b5 (size before relaxing)
 .debug_str     0x00000000000f809f      0x81e ./Drivers/STM32F7xx_HAL_Driver/Src/stm32f7xx_hal_pcd.o
                                      0xf1d14 (size before relaxing)
 .debug_str     0x00000000000f88bd      0x12d ./Drivers/STM32F7xx_HAL_Driver/Src/stm32f7xx_hal_pcd_ex.o
                                      0xf1615 (size before relaxing)
 .debug_str     0x00000000000f89ea      0x2ac ./Drivers/STM32F7xx_HAL_Driver/Src/stm32f7xx_hal_pwr.o
                                      0xf1598 (size before relaxing)
 .debug_str     0x00000000000f8c96      0x1bd ./Drivers/STM32F7xx_HAL_Driver/Src/stm32f7xx_hal_pwr_ex.o
                                      0xf1566 (size before relaxing)
 .debug_str     0x00000000000f8e53      0x24c ./Drivers/STM32F7xx_HAL_Driver/Src/stm32f7xx_hal_rcc.o
                                      0xf1672 (size before relaxing)
 .debug_str     0x00000000000f909f      0x13f ./Drivers/STM32F7xx_HAL_Driver/Src/stm32f7xx_hal_rcc_ex.o
                                      0xf15d5 (size before relaxing)
 .debug_str     0x00000000000f91de      0x8aa ./Drivers/STM32F7xx_HAL_Driver/Src/stm32f7xx_hal_uart.o
                                      0xf1fc0 (size before relaxing)
 .debug_str     0x00000000000f9a88      0x45b ./Drivers/STM32F7xx_HAL_Driver/Src/stm32f7xx_ll_usb.o
                                      0xf1b9a (size before relaxing)

.comment        0x0000000000000000       0x50
 .comment       0x0000000000000000       0x50 ./Core/Src/ILI9341.o
                                         0x51 (size before relaxing)
 .comment       0x0000000000000050       0x51 ./Core/Src/main.o
 .comment       0x0000000000000050       0x51 ./Core/Src/stm32f7xx_hal_msp.o
 .comment       0x0000000000000050       0x51 ./Core/Src/stm32f7xx_it.o
 .comment       0x0000000000000050       0x51 ./Core/Src/system_stm32f7xx.o
 .comment       0x0000000000000050       0x51 ./Drivers/STM32F7xx_HAL_Driver/Src/stm32f7xx_hal.o
 .comment       0x0000000000000050       0x51 ./Drivers/STM32F7xx_HAL_Driver/Src/stm32f7xx_hal_cortex.o
 .comment       0x0000000000000050       0x51 ./Drivers/STM32F7xx_HAL_Driver/Src/stm32f7xx_hal_eth.o
 .comment       0x0000000000000050       0x51 ./Drivers/STM32F7xx_HAL_Driver/Src/stm32f7xx_hal_gpio.o
 .comment       0x0000000000000050       0x51 ./Drivers/STM32F7xx_HAL_Driver/Src/stm32f7xx_hal_pcd.o
 .comment       0x0000000000000050       0x51 ./Drivers/STM32F7xx_HAL_Driver/Src/stm32f7xx_hal_pcd_ex.o
 .comment       0x0000000000000050       0x51 ./Drivers/STM32F7xx_HAL_Driver/Src/stm32f7xx_hal_pwr.o
 .comment       0x0000000000000050       0x51 ./Drivers/STM32F7xx_HAL_Driver/Src/stm32f7xx_hal_pwr_ex.o
 .comment       0x0000000000000050       0x51 ./Drivers/STM32F7xx_HAL_Driver/Src/stm32f7xx_hal_rcc.o
 .comment       0x0000000000000050       0x51 ./Drivers/STM32F7xx_HAL_Driver/Src/stm32f7xx_hal_rcc_ex.o
 .comment       0x0000000000000050       0x51 ./Drivers/STM32F7xx_HAL_Driver/Src/stm32f7xx_hal_uart.o
 .comment       0x0000000000000050       0x51 ./Drivers/STM32F7xx_HAL_Driver/Src/stm32f7xx_ll_usb.o

.debug_frame    0x0000000000000000     0x3788
 .debug_frame   0x0000000000000000      0x138 ./Core/Src/ILI9341.o
 .debug_frame   0x0000000000000138       0xe0 ./Core/Src/main.o
 .debug_frame   0x0000000000000218      0x118 ./Core/Src/stm32f7xx_hal_msp.o
 .debug_frame   0x0000000000000330      0x104 ./Core/Src/stm32f7xx_it.o
 .debug_frame   0x0000000000000434       0x58 ./Core/Src/system_stm32f7xx.o
 .debug_frame   0x000000000000048c      0x3f4 ./Drivers/STM32F7xx_HAL_Driver/Src/stm32f7xx_hal.o
 .debug_frame   0x0000000000000880      0x498 ./Drivers/STM32F7xx_HAL_Driver/Src/stm32f7xx_hal_cortex.o
 .debug_frame   0x0000000000000d18      0x898 ./Drivers/STM32F7xx_HAL_Driver/Src/stm32f7xx_hal_eth.o
 .debug_frame   0x00000000000015b0      0x14c ./Drivers/STM32F7xx_HAL_Driver/Src/stm32f7xx_hal_gpio.o
 .debug_frame   0x00000000000016fc      0x5bc ./Drivers/STM32F7xx_HAL_Driver/Src/stm32f7xx_hal_pcd.o
 .debug_frame   0x0000000000001cb8      0x100 ./Drivers/STM32F7xx_HAL_Driver/Src/stm32f7xx_hal_pcd_ex.o
 .debug_frame   0x0000000000001db8      0x254 ./Drivers/STM32F7xx_HAL_Driver/Src/stm32f7xx_hal_pwr.o
 .debug_frame   0x000000000000200c      0x1c8 ./Drivers/STM32F7xx_HAL_Driver/Src/stm32f7xx_hal_pwr_ex.o
 .debug_frame   0x00000000000021d4      0x1f8 ./Drivers/STM32F7xx_HAL_Driver/Src/stm32f7xx_hal_rcc.o
 .debug_frame   0x00000000000023cc      0x118 ./Drivers/STM32F7xx_HAL_Driver/Src/stm32f7xx_hal_rcc_ex.o
 .debug_frame   0x00000000000024e4      0xa10 ./Drivers/STM32F7xx_HAL_Driver/Src/stm32f7xx_hal_uart.o
 .debug_frame   0x0000000000002ef4      0x7e8 ./Drivers/STM32F7xx_HAL_Driver/Src/stm32f7xx_ll_usb.o
 .debug_frame   0x00000000000036dc       0x2c c:/st/stm32cubeide_1.11.0/stm32cubeide/plugins/com.st.stm32cube.ide.mcu.externaltools.gnu-tools-for-stm32.10.3-2021.10.win32_1.0.200.202301161003/tools/bin/../lib/gcc/arm-none-eabi/10.3.1/../../../../arm-none-eabi/lib/thumb/v7e-m+dp/hard\libc_nano.a(lib_a-init.o)
 .debug_frame   0x0000000000003708       0x20 c:/st/stm32cubeide_1.11.0/stm32cubeide/plugins/com.st.stm32cube.ide.mcu.externaltools.gnu-tools-for-stm32.10.3-2021.10.win32_1.0.200.202301161003/tools/bin/../lib/gcc/arm-none-eabi/10.3.1/../../../../arm-none-eabi/lib/thumb/v7e-m+dp/hard\libc_nano.a(lib_a-memset.o)
 .debug_frame   0x0000000000003728       0x2c c:/st/stm32cubeide_1.11.0/stm32cubeide/plugins/com.st.stm32cube.ide.mcu.externaltools.gnu-tools-for-stm32.10.3-2021.10.win32_1.0.200.202301161003/tools/bin/../lib/gcc/arm-none-eabi/10.3.1/thumb/v7e-m+dp/hard\libgcc.a(_aeabi_uldivmod.o)
 .debug_frame   0x0000000000003754       0x34 c:/st/stm32cubeide_1.11.0/stm32cubeide/plugins/com.st.stm32cube.ide.mcu.externaltools.gnu-tools-for-stm32.10.3-2021.10.win32_1.0.200.202301161003/tools/bin/../lib/gcc/arm-none-eabi/10.3.1/thumb/v7e-m+dp/hard\libgcc.a(_udivmoddi4.o)
