../Core/Src/ILI9341.c:19:6:LCD_ILI9341_Init	8	static
../Core/Src/ILI9341.c:52:6:LCD_GPIO_Init	16	static
../Core/Src/ILI9341.c:101:6:LCD_SPI_Init	16	static
../Core/Src/ILI9341.c:138:6:LCD_SPI_Enable	16	static
../Core/Src/ILI9341.c:147:6:LCD_Reset	8	static
../Core/Src/ILI9341.c:156:6:LCD_Write_Cmd	24	static
../Core/Src/ILI9341.c:179:6:LCD_Read_data	24	static
../Core/Src/ILI9341.c:193:6:LCD_Write_Data	24	static
../Core/Src/ILI9341.c:217:6:LCD_Config	280	static
../Core/Src/ILI9341.c:361:6:bsp_lcd_set_display_area	32	static
../Core/Src/ILI9341.c:372:6:lcd_set_display_area	24	static
../Core/Src/ILI9341.c:390:6:bsp_lcd_write	24	static
../Core/Src/ILI9341.c:417:6:lcd_set_orientation	24	static
../Core/Src/ILI9341.c:431:6:lcd_buffer_init	16	static
../Core/Src/ILI9341.c:440:6:bsp_lcd_set_backgrounf_color	24	static
../Core/Src/ILI9341.c:446:10:bsp_lcd_convert_rgb888_to_rgb565	24	static
../Core/Src/ILI9341.c:457:6:bsp_lcd_fill_rect	72	static
../Core/Src/ILI9341.c:494:10:get_total_bytes	32	static
../Core/Src/ILI9341.c:502:6:make_area	32	static
../Core/Src/ILI9341.c:516:10:bytes_to_pixels	16	static
../Core/Src/ILI9341.c:522:10:copy_to_draw_buffer	40	static
../Core/Src/ILI9341.c:551:10:get_buff	24	static
../Core/Src/ILI9341.c:571:9:is_lcd_write_allowed	16	static
../Core/Src/ILI9341.c:582:6:hlcd_flush	16	static
../Core/Src/ILI9341.c:591:10:pixels_to_bytes	16	static
